#
# There is insufficient memory for the Java Runtime Environment to continue.
# Native memory allocation (mmap) failed to map 134217728 bytes for Failed to commit area from 0x0000000081400000 to 0x0000000089400000 of length 134217728.
# Possible reasons:
#   The system is out of physical RAM or swap space
#   The process is running with CompressedOops enabled, and the Java Heap may be blocking the growth of the native heap
# Possible solutions:
#   Reduce memory load on the system
#   Increase physical memory or swap space
#   Check if swap backing store is full
#   Decrease Java heap size (-Xmx/-Xms)
#   Decrease number of Java threads
#   Decrease Java thread stack sizes (-Xss)
#   Set larger code cache with -XX:ReservedCodeCacheSize=
# This output file may be truncated or incomplete.
#
#  Out of Memory Error (./src/hotspot/os/windows/os_windows.cpp:3303), pid=1356, tid=8428
#
# JRE version:  (11.0.9+11) (build )
# Java VM: OpenJDK 64-Bit Server VM (11.0.9+11, mixed mode, sharing, tiered, compressed oops, g1 gc, windows-amd64)
# No core dump will be written. Minidumps are not enabled by default on client versions of Windows
#

---------------  S U M M A R Y ------------

Command Line: -Dfile.encoding=UTF-8 client.Main 35.409769 139.5887429 411

Host: Intel(R) Core(TM) i5-7300U CPU @ 2.60GHz, 4 cores, 7G,  Windows 10 , 64 bit Build 19041 (10.0.19041.1348)
Time: Thu Nov 18 00:17:25 2021 東京 (標準時) elapsed time: 0.014290 seconds (0d 0h 0m 0s)

---------------  T H R E A D  ---------------

Current thread (0x000002166f2a5000):  JavaThread "Unknown thread" [_thread_in_vm, id=8428, stack(0x00000035ebb00000,0x00000035ebc00000)]

Stack: [0x00000035ebb00000,0x00000035ebc00000]
Native frames: (J=compiled Java code, j=interpreted, Vv=VM code, C=native code)
V  [jvm.dll+0x5f465a]
V  [jvm.dll+0x77c78e]
V  [jvm.dll+0x77de5f]
V  [jvm.dll+0x77e523]
V  [jvm.dll+0x2477c8]
V  [jvm.dll+0x5f18ba]
V  [jvm.dll+0x5e6505]
V  [jvm.dll+0x2fca8c]
V  [jvm.dll+0x2fc912]
V  [jvm.dll+0x3015c6]
V  [jvm.dll+0x345e3f]
V  [jvm.dll+0x345870]
V  [jvm.dll+0x2d9ce8]
V  [jvm.dll+0x2dae36]
V  [jvm.dll+0x758137]
V  [jvm.dll+0x7598bf]
V  [jvm.dll+0x352c39]
V  [jvm.dll+0x73b3c0]
V  [jvm.dll+0x3ba30f]
V  [jvm.dll+0x3bc7b1]
C  [jli.dll+0x520b]
C  [ucrtbase.dll+0x21bb2]
C  [KERNEL32.DLL+0x17034]
C  [ntdll.dll+0x52651]


---------------  P R O C E S S  ---------------

Threads class SMR info:
_java_thread_list=0x000002166d7bfea0, length=0, elements={
}

Java Threads: ( => current thread )

Other Threads:
  0x000002166f2bf000 GCTaskThread "GC Thread#0" [stack: 0x00000035ebc00000,0x00000035ebd00000] [id=5844]
  0x000002166f2f4000 ConcurrentGCThread "G1 Main Marker" [stack: 0x00000035ebd00000,0x00000035ebe00000] [id=5600]
  0x000002166f2f6800 ConcurrentGCThread "G1 Conc#0" [stack: 0x00000035ebe00000,0x00000035ebf00000] [id=19072]

[error occurred during error reporting (printing all threads), id 0xc0000005, EXCEPTION_ACCESS_VIOLATION (0xc0000005) at pc=0x00007ff9b1fa9367]

VM state:not at safepoint (not fully initialized)

VM Mutex/Monitor currently owned by a thread:  ([mutex/lock_event])
[0x000002166f2a3a40] Heap_lock - owner thread: 0x000002166f2a5000

Heap address: 0x0000000081400000, size: 2028 MB, Compressed Oops mode: Non-zero based: 0x0000000081400000
Narrow klass base: 0x0000000000000000, Narrow klass shift: 0

GC Heap History (0 events):
No events

Deoptimization events (0 events):
No events

Classes redefined (0 events):
No events

Internal exceptions (0 events):
No events

Events (1 events):
Event: 0.008 Loaded shared library C:\pleiades\java\11\bin\zip.dll


Dynamic libraries:
0x00007ff6aa550000 - 0x00007ff6aa55d000 	C:\pleiades\java\11\bin\javaw.exe
0x00007ff9f4730000 - 0x00007ff9f4925000 	C:\WINDOWS\SYSTEM32\ntdll.dll
0x00007ff9f3a20000 - 0x00007ff9f3ade000 	C:\WINDOWS\System32\KERNEL32.DLL
0x00007ff9f2040000 - 0x00007ff9f2308000 	C:\WINDOWS\System32\KERNELBASE.dll
0x00007ff9f1ef0000 - 0x00007ff9f1ff0000 	C:\WINDOWS\System32\ucrtbase.dll
0x00007ff9dee70000 - 0x00007ff9dee85000 	C:\pleiades\java\11\bin\VCRUNTIME140.dll
0x00007ff9deec0000 - 0x00007ff9deed7000 	C:\pleiades\java\11\bin\jli.dll
0x00007ff9f29b0000 - 0x00007ff9f2b51000 	C:\WINDOWS\System32\USER32.dll
0x00007ff9d2a30000 - 0x00007ff9d2cca000 	C:\WINDOWS\WinSxS\amd64_microsoft.windows.common-controls_6595b64144ccf1df_6.0.19041.1110_none_60b5254171f9507e\COMCTL32.dll
0x00007ff9f26c0000 - 0x00007ff9f26e2000 	C:\WINDOWS\System32\win32u.dll
0x00007ff9f2b60000 - 0x00007ff9f2bfe000 	C:\WINDOWS\System32\msvcrt.dll
0x00007ff9f2980000 - 0x00007ff9f29ab000 	C:\WINDOWS\System32\GDI32.dll
0x00007ff9f23a0000 - 0x00007ff9f24ab000 	C:\WINDOWS\System32\gdi32full.dll
0x00007ff9f1e50000 - 0x00007ff9f1eed000 	C:\WINDOWS\System32\msvcp_win.dll
0x00007ff9f3d50000 - 0x00007ff9f3d80000 	C:\WINDOWS\System32\IMM32.DLL
0x00007ff9c8eb0000 - 0x00007ff9c8f4b000 	C:\pleiades\java\11\bin\msvcp140.dll
0x00007ff9b1cc0000 - 0x00007ff9b2803000 	C:\pleiades\java\11\bin\server\jvm.dll
0x00007ff9f2780000 - 0x00007ff9f282c000 	C:\WINDOWS\System32\ADVAPI32.dll
0x00007ff9f3c00000 - 0x00007ff9f3c9b000 	C:\WINDOWS\System32\sechost.dll
0x00007ff9f2830000 - 0x00007ff9f295a000 	C:\WINDOWS\System32\RPCRT4.dll
0x00007ff9f3670000 - 0x00007ff9f3678000 	C:\WINDOWS\System32\PSAPI.DLL
0x00007ff9da3f0000 - 0x00007ff9da3f9000 	C:\WINDOWS\SYSTEM32\WSOCK32.dll
0x00007ff9d1b20000 - 0x00007ff9d1b47000 	C:\WINDOWS\SYSTEM32\WINMM.dll
0x00007ff9f36e0000 - 0x00007ff9f374b000 	C:\WINDOWS\System32\WS2_32.dll
0x00007ff9db440000 - 0x00007ff9db44a000 	C:\WINDOWS\SYSTEM32\VERSION.dll
0x00007ff9f06d0000 - 0x00007ff9f06e2000 	C:\WINDOWS\SYSTEM32\kernel.appcore.dll
0x00007ff9defd0000 - 0x00007ff9defe0000 	C:\pleiades\java\11\bin\verify.dll
0x00007ff9ef2a0000 - 0x00007ff9ef484000 	C:\WINDOWS\SYSTEM32\DBGHELP.DLL
0x00007ff9d8740000 - 0x00007ff9d876c000 	C:\WINDOWS\SYSTEM32\dbgcore.DLL
0x00007ff9f26f0000 - 0x00007ff9f2773000 	C:\WINDOWS\System32\bcryptPrimitives.dll
0x00007ff9dabd0000 - 0x00007ff9dabf8000 	C:\pleiades\java\11\bin\java.dll
0x00007ff9deeb0000 - 0x00007ff9deeba000 	C:\pleiades\java\11\bin\jimage.dll
0x00007ff9daf30000 - 0x00007ff9daf47000 	C:\pleiades\java\11\bin\zip.dll

dbghelp: loaded successfully - version: 4.0.5 - missing functions: none
symbol engine: initialized successfully - sym options: 0x614 - pdb path: .;C:\pleiades\java\11\bin;C:\WINDOWS\SYSTEM32;C:\WINDOWS\WinSxS\amd64_microsoft.windows.common-controls_6595b64144ccf1df_6.0.19041.1110_none_60b5254171f9507e;C:\pleiades\java\11\bin\server

VM Arguments:
jvm_args: -Dfile.encoding=UTF-8 
java_command: client.Main 35.409769 139.5887429 411
java_class_path (initial): C:\Users\it0m0\OneDrive\デスクトップ\G-LocON_2021_10_28\VirtualClient\bin;C:\Users\it0m0\OneDrive\デスクトップ\G-LocON_2021_10_28\VirtualClient\lib\java-json.jar
Launcher Type: SUN_STANDARD

[Global flags]
     intx CICompilerCount                          = 3                                         {product} {ergonomic}
     uint ConcGCThreads                            = 1                                         {product} {ergonomic}
     uint G1ConcRefinementThreads                  = 4                                         {product} {ergonomic}
   size_t G1HeapRegionSize                         = 1048576                                   {product} {ergonomic}
    uintx GCDrainStackTargetSize                   = 64                                        {product} {ergonomic}
   size_t InitialHeapSize                          = 134217728                                 {product} {ergonomic}
   size_t MarkStackSize                            = 4194304                                   {product} {ergonomic}
   size_t MaxHeapSize                              = 2126512128                                {product} {ergonomic}
   size_t MinHeapDeltaBytes                        = 1048576                                   {product} {ergonomic}
    uintx NonNMethodCodeHeapSize                   = 5830732                                {pd product} {ergonomic}
    uintx NonProfiledCodeHeapSize                  = 122913754                              {pd product} {ergonomic}
    uintx ProfiledCodeHeapSize                     = 122913754                              {pd product} {ergonomic}
    uintx ReservedCodeCacheSize                    = 251658240                              {pd product} {ergonomic}
     bool SegmentedCodeCache                       = true                                      {product} {ergonomic}
     bool UseCompressedClassPointers               = true                                 {lp64_product} {ergonomic}
     bool UseCompressedOops                        = true                                 {lp64_product} {ergonomic}
     bool UseG1GC                                  = true                                      {product} {ergonomic}
     bool UseLargePagesIndividualAllocation        = false                                  {pd product} {ergonomic}

Logging:
Log output configuration:
 #0: stdout all=warning uptime,level,tags
 #1: stderr all=off uptime,level,tags

Environment Variables:
PATH=C:/pleiades/eclipse//jre/bin/server;C:/pleiades/eclipse//jre/bin;C:\Program Files\AdoptOpenJDK\jdk-8.0.252.09-hotspot\bin;C:\WINDOWS\system32;C:\WINDOWS;C:\WINDOWS\System32\Wbem;C:\WINDOWS\System32\WindowsPowerShell\v1.0\;C:\WINDOWS\System32\OpenSSH\;C:\Program Files (x86)\Eclipse\Sumo\bin\;C:\Program Files (x86)\Eclipse\Sumo\tools\;C:\Program Files\Git\cmd;C:\Users\it0m0\AppData\Local\Programs\Python\Python39\Scripts\;C:\Users\it0m0\AppData\Local\Programs\Python\Python39\;C:\Program Files\MySQL\MySQL Server 8.0\bin;C:\Users\it0m0\AppData\Local\Microsoft\WindowsApps;C:\Users\it0m0\Desktop\Microsoft VS Code\bin;C:\texlive\2020\bin\win32;C:\gcc\mingw64\bin;;C:\pleiades\eclipse;
USERNAME=it0m0
OS=Windows_NT
PROCESSOR_IDENTIFIER=Intel64 Family 6 Model 142 Stepping 9, GenuineIntel



---------------  S Y S T E M  ---------------

OS: Windows 10 , 64 bit Build 19041 (10.0.19041.1348)
OS uptime: 3 days 1:44 hours

CPU:total 4 (initial active 4) (2 cores per cpu, 2 threads per core) family 6 model 142 stepping 9, cmov, cx8, fxsr, mmx, sse, sse2, sse3, ssse3, sse4.1, sse4.2, popcnt, avx, avx2, aes, clmul, erms, rtm, 3dnowpref, lzcnt, ht, tsc, tscinvbit, bmi1, bmi2, adx, fma

Memory: 4k page, system-wide physical 8109M (414M free)
TotalPageFile size 32685M (AvailPageFile size 53M)
current process WorkingSet (physical memory assigned to process): 9M, peak: 9M
current process commit charge ("private bytes"): 51M, peak: 179M

vm_info: OpenJDK 64-Bit Server VM (11.0.9+11) for windows-amd64 JRE (11.0.9+11), built on Oct 24 2020 15:15:35 by "" with MS VC++ 15.9 (VS2017)

END.
